// Jest Snapshot v1, https://goo.gl/fbAQLP

exports[`renders correctly 1`] = `
<MovieListCard
  releaseDate="2016-08-04"
  score={4}
  thumbnailPath="/asdf9n.jpg"
  title="Gone with the wind"
>
  <div
    className="bg-white mr3 flex flex-column br3 mv3 ba bw1 dark-gray b--black"
  >
    <div
      className="dib center"
    >
      <img
        alt="Gone with the wind poster"
        src="/asdf9n.jpg"
      />
    </div>
    <div
      className="tc"
      style={
        Object {
          "height": "4rem",
        }
      }
    >
      <div
        className="pt3 ph2"
        style={
          Object {
            "maxWidth": "200px",
          }
        }
      >
        <b>
          Gone with the wind
        </b>
      </div>
    </div>
    <div
      className="ph2 mv2"
    >
      <div
        className="mb1"
      >
        Release date: 
        2016-08-04
      </div>
    </div>
    <div
      className="ph2 mv2"
    >
      <RatingAPILayer
        direction="ltr"
        emptySymbol={
          Object {
            "backgroundColor": "#ccc",
            "border": "5px double white",
            "borderRadius": "50%",
            "display": "inline-block",
            "height": 30,
            "width": 30,
          }
        }
        fractions={2}
        fullSymbol={
          Object {
            "backgroundColor": "black",
            "border": "5px double white",
            "borderRadius": "50%",
            "display": "inline-block",
            "height": 30,
            "width": 30,
          }
        }
        initialRating={4}
        onChange={[Function]}
        onClick={[Function]}
        onHover={[Function]}
        placeholderSymbol={
          Object {
            "backgroundColor": "red",
            "border": "5px double white",
            "borderRadius": "50%",
            "display": "inline-block",
            "height": 30,
            "width": 30,
          }
        }
        quiet={false}
        readonly={true}
        start={0}
        step={1}
        stop={5}
      >
        <Rating
          direction="ltr"
          emptySymbol={
            Object {
              "backgroundColor": "#ccc",
              "border": "5px double white",
              "borderRadius": "50%",
              "display": "inline-block",
              "height": 30,
              "width": 30,
            }
          }
          fractions={2}
          fullSymbol={
            Object {
              "backgroundColor": "black",
              "border": "5px double white",
              "borderRadius": "50%",
              "display": "inline-block",
              "height": 30,
              "width": 30,
            }
          }
          onClick={[Function]}
          onHover={[Function]}
          placeholderSymbol={
            Object {
              "backgroundColor": "red",
              "border": "5px double white",
              "borderRadius": "50%",
              "display": "inline-block",
              "height": 30,
              "width": 30,
            }
          }
          placeholderValue={0}
          quiet={false}
          readonly={true}
          totalSymbols={5}
          value={4}
        >
          <span
            style={
              Object {
                "direction": "ltr",
                "display": "inline-block",
              }
            }
          >
            <RatingSymbol
              activeIcon={
                Object {
                  "backgroundColor": "black",
                  "border": "5px double white",
                  "borderRadius": "50%",
                  "display": "inline-block",
                  "height": 30,
                  "width": 30,
                }
              }
              direction="ltr"
              inactiveIcon={
                Object {
                  "backgroundColor": "#ccc",
                  "border": "5px double white",
                  "borderRadius": "50%",
                  "display": "inline-block",
                  "height": 30,
                  "width": 30,
                }
              }
              index={0}
              key="0"
              percent={100}
              readonly={true}
            >
              <span
                onClick={[Function]}
                onMouseMove={[Function]}
                onTouchEnd={[Function]}
                onTouchMove={[Function]}
                style={
                  Object {
                    "cursor": "inherit",
                    "display": "inline-block",
                    "position": "relative",
                  }
                }
              >
                <span
                  style={
                    Object {
                      "backgroundColor": "#ccc",
                      "border": "5px double white",
                      "borderRadius": "50%",
                      "display": "inline-block",
                      "height": 30,
                      "width": 30,
                    }
                  }
                />
                <span
                  style={
                    Object {
                      "display": "inline-block",
                      "left": 0,
                      "overflow": "hidden",
                      "position": "absolute",
                      "top": 0,
                      "width": "100%",
                    }
                  }
                >
                  <span
                    style={
                      Object {
                        "backgroundColor": "black",
                        "border": "5px double white",
                        "borderRadius": "50%",
                        "display": "inline-block",
                        "height": 30,
                        "width": 30,
                      }
                    }
                  />
                </span>
              </span>
            </RatingSymbol>
            <RatingSymbol
              activeIcon={
                Object {
                  "backgroundColor": "black",
                  "border": "5px double white",
                  "borderRadius": "50%",
                  "display": "inline-block",
                  "height": 30,
                  "width": 30,
                }
              }
              direction="ltr"
              inactiveIcon={
                Object {
                  "backgroundColor": "#ccc",
                  "border": "5px double white",
                  "borderRadius": "50%",
                  "display": "inline-block",
                  "height": 30,
                  "width": 30,
                }
              }
              index={1}
              key="1"
              percent={100}
              readonly={true}
            >
              <span
                onClick={[Function]}
                onMouseMove={[Function]}
                onTouchEnd={[Function]}
                onTouchMove={[Function]}
                style={
                  Object {
                    "cursor": "inherit",
                    "display": "inline-block",
                    "position": "relative",
                  }
                }
              >
                <span
                  style={
                    Object {
                      "backgroundColor": "#ccc",
                      "border": "5px double white",
                      "borderRadius": "50%",
                      "display": "inline-block",
                      "height": 30,
                      "width": 30,
                    }
                  }
                />
                <span
                  style={
                    Object {
                      "display": "inline-block",
                      "left": 0,
                      "overflow": "hidden",
                      "position": "absolute",
                      "top": 0,
                      "width": "100%",
                    }
                  }
                >
                  <span
                    style={
                      Object {
                        "backgroundColor": "black",
                        "border": "5px double white",
                        "borderRadius": "50%",
                        "display": "inline-block",
                        "height": 30,
                        "width": 30,
                      }
                    }
                  />
                </span>
              </span>
            </RatingSymbol>
            <RatingSymbol
              activeIcon={
                Object {
                  "backgroundColor": "black",
                  "border": "5px double white",
                  "borderRadius": "50%",
                  "display": "inline-block",
                  "height": 30,
                  "width": 30,
                }
              }
              direction="ltr"
              inactiveIcon={
                Object {
                  "backgroundColor": "#ccc",
                  "border": "5px double white",
                  "borderRadius": "50%",
                  "display": "inline-block",
                  "height": 30,
                  "width": 30,
                }
              }
              index={2}
              key="2"
              percent={100}
              readonly={true}
            >
              <span
                onClick={[Function]}
                onMouseMove={[Function]}
                onTouchEnd={[Function]}
                onTouchMove={[Function]}
                style={
                  Object {
                    "cursor": "inherit",
                    "display": "inline-block",
                    "position": "relative",
                  }
                }
              >
                <span
                  style={
                    Object {
                      "backgroundColor": "#ccc",
                      "border": "5px double white",
                      "borderRadius": "50%",
                      "display": "inline-block",
                      "height": 30,
                      "width": 30,
                    }
                  }
                />
                <span
                  style={
                    Object {
                      "display": "inline-block",
                      "left": 0,
                      "overflow": "hidden",
                      "position": "absolute",
                      "top": 0,
                      "width": "100%",
                    }
                  }
                >
                  <span
                    style={
                      Object {
                        "backgroundColor": "black",
                        "border": "5px double white",
                        "borderRadius": "50%",
                        "display": "inline-block",
                        "height": 30,
                        "width": 30,
                      }
                    }
                  />
                </span>
              </span>
            </RatingSymbol>
            <RatingSymbol
              activeIcon={
                Object {
                  "backgroundColor": "black",
                  "border": "5px double white",
                  "borderRadius": "50%",
                  "display": "inline-block",
                  "height": 30,
                  "width": 30,
                }
              }
              direction="ltr"
              inactiveIcon={
                Object {
                  "backgroundColor": "#ccc",
                  "border": "5px double white",
                  "borderRadius": "50%",
                  "display": "inline-block",
                  "height": 30,
                  "width": 30,
                }
              }
              index={3}
              key="3"
              percent={100}
              readonly={true}
            >
              <span
                onClick={[Function]}
                onMouseMove={[Function]}
                onTouchEnd={[Function]}
                onTouchMove={[Function]}
                style={
                  Object {
                    "cursor": "inherit",
                    "display": "inline-block",
                    "position": "relative",
                  }
                }
              >
                <span
                  style={
                    Object {
                      "backgroundColor": "#ccc",
                      "border": "5px double white",
                      "borderRadius": "50%",
                      "display": "inline-block",
                      "height": 30,
                      "width": 30,
                    }
                  }
                />
                <span
                  style={
                    Object {
                      "display": "inline-block",
                      "left": 0,
                      "overflow": "hidden",
                      "position": "absolute",
                      "top": 0,
                      "width": "100%",
                    }
                  }
                >
                  <span
                    style={
                      Object {
                        "backgroundColor": "black",
                        "border": "5px double white",
                        "borderRadius": "50%",
                        "display": "inline-block",
                        "height": 30,
                        "width": 30,
                      }
                    }
                  />
                </span>
              </span>
            </RatingSymbol>
            <RatingSymbol
              activeIcon={
                Object {
                  "backgroundColor": "black",
                  "border": "5px double white",
                  "borderRadius": "50%",
                  "display": "inline-block",
                  "height": 30,
                  "width": 30,
                }
              }
              direction="ltr"
              inactiveIcon={
                Object {
                  "backgroundColor": "#ccc",
                  "border": "5px double white",
                  "borderRadius": "50%",
                  "display": "inline-block",
                  "height": 30,
                  "width": 30,
                }
              }
              index={4}
              key="4"
              percent={0}
              readonly={true}
            >
              <span
                onClick={[Function]}
                onMouseMove={[Function]}
                onTouchEnd={[Function]}
                onTouchMove={[Function]}
                style={
                  Object {
                    "cursor": "inherit",
                    "display": "inline-block",
                    "position": "relative",
                  }
                }
              >
                <span
                  style={
                    Object {
                      "backgroundColor": "#ccc",
                      "border": "5px double white",
                      "borderRadius": "50%",
                      "display": "inline-block",
                      "height": 30,
                      "width": 30,
                    }
                  }
                />
                <span
                  style={
                    Object {
                      "display": "inline-block",
                      "left": 0,
                      "overflow": "hidden",
                      "position": "absolute",
                      "top": 0,
                      "width": "0%",
                    }
                  }
                >
                  <span
                    style={
                      Object {
                        "backgroundColor": "black",
                        "border": "5px double white",
                        "borderRadius": "50%",
                        "display": "inline-block",
                        "height": 30,
                        "width": 30,
                      }
                    }
                  />
                </span>
              </span>
            </RatingSymbol>
          </span>
        </Rating>
      </RatingAPILayer>
    </div>
    <button
      className="pb3 bg-light-blue black f3 w-100 br3 Details-button"
      value="details"
    >
      details
    </button>
  </div>
</MovieListCard>
`;
